
     Program PW2WANNIER v.6.6 starts on 27Sep2021 at 19:29:58 

     This program is part of the open-source Quantum ESPRESSO suite
     for quantum simulation of materials; please cite
         "P. Giannozzi et al., J. Phys.:Condens. Matter 21 395502 (2009);
         "P. Giannozzi et al., J. Phys.:Condens. Matter 29 465901 (2017);
          URL http://www.quantum-espresso.org", 
     in publications or presentations arising from this work. More details at
     http://www.quantum-espresso.org/quote

     Parallel version (MPI), running on   160 processors

     MPI processes distributed on     4 nodes
     R & G space division:  proc/nbgrp/npool/nimage =     160
     Fft bands division:     nmany     =       1
 
  Reading nscf_save data

     Reading xml data from directory:

     ./temp/cspbbr3.save/
     Message from routine scan_end:
     No INFO block end statement, possibly corrupted file
     Message from routine scan_end:
     No INFO block end statement, possibly corrupted file
     Message from routine scan_end:
     No INFO block end statement, possibly corrupted file

     IMPORTANT: XC functional enforced from input :
     Exchange-correlation= PBE
                           (   1   4   3   4   0   0   0)
     Any further DFT definition will be discarded
     Please, verify this is what you really want

 
     Parallelization info
     --------------------
     sticks:   dense  smooth     PW     G-vecs:    dense   smooth      PW
     Min          53      53     14                 3693     3693     530
     Max          54      54     15                 3698     3698     539
     Sum        8521    8521   2361               591361   591361   85687
 
     Reading collected, re-writing distributed wavefunctions
 
  Spin CASE ( non-collinear )
 
  Wannier mode is: standalone     
 
  -----------------
  *** Reading nnkp 
  -----------------
 
  Checking info from wannier.nnkp file
 
  - Real lattice is ok
  - Reciprocal lattice is ok
  - K-points are ok
  - Number of wannier functions is ok (208)
  - All guiding functions are given 
 
 Projections:
    0.262480    0.259270    0.226800  0  1  1    1.000000
    0.262480    0.259270    0.226800  0  1  1    1.000000
    0.765890    0.238660    0.240120  0  1  1    1.000000
    0.765890    0.238660    0.240120  0  1  1    1.000000
    0.253670    0.758420    0.283830  0  1  1    1.000000
    0.253670    0.758420    0.283830  0  1  1    1.000000
    0.746140    0.744140    0.236980  0  1  1    1.000000
    0.746140    0.744140    0.236980  0  1  1    1.000000
    0.259930    0.245940    0.732640  0  1  1    1.000000
    0.259930    0.245940    0.732640  0  1  1    1.000000
    0.756600    0.259610    0.735500  0  1  1    1.000000
    0.756600    0.259610    0.735500  0  1  1    1.000000
    0.228200    0.749620    0.764930  0  1  1    1.000000
    0.228200    0.749620    0.764930  0  1  1    1.000000
    0.722400    0.729720    0.752150  0  1  1    1.000000
    0.722400    0.729720    0.752150  0  1  1    1.000000
    0.262480    0.259270    0.226800  1  1  1    1.000000
    0.262480    0.259270    0.226800  1  1  1    1.000000
    0.262480    0.259270    0.226800  1  2  1    1.000000
    0.262480    0.259270    0.226800  1  2  1    1.000000
    0.262480    0.259270    0.226800  1  3  1    1.000000
    0.262480    0.259270    0.226800  1  3  1    1.000000
    0.765890    0.238660    0.240120  1  1  1    1.000000
    0.765890    0.238660    0.240120  1  1  1    1.000000
    0.765890    0.238660    0.240120  1  2  1    1.000000
    0.765890    0.238660    0.240120  1  2  1    1.000000
    0.765890    0.238660    0.240120  1  3  1    1.000000
    0.765890    0.238660    0.240120  1  3  1    1.000000
    0.253670    0.758420    0.283830  1  1  1    1.000000
    0.253670    0.758420    0.283830  1  1  1    1.000000
    0.253670    0.758420    0.283830  1  2  1    1.000000
    0.253670    0.758420    0.283830  1  2  1    1.000000
    0.253670    0.758420    0.283830  1  3  1    1.000000
    0.253670    0.758420    0.283830  1  3  1    1.000000
    0.746140    0.744140    0.236980  1  1  1    1.000000
    0.746140    0.744140    0.236980  1  1  1    1.000000
    0.746140    0.744140    0.236980  1  2  1    1.000000
    0.746140    0.744140    0.236980  1  2  1    1.000000
    0.746140    0.744140    0.236980  1  3  1    1.000000
    0.746140    0.744140    0.236980  1  3  1    1.000000
    0.259930    0.245940    0.732640  1  1  1    1.000000
    0.259930    0.245940    0.732640  1  1  1    1.000000
    0.259930    0.245940    0.732640  1  2  1    1.000000
    0.259930    0.245940    0.732640  1  2  1    1.000000
    0.259930    0.245940    0.732640  1  3  1    1.000000
    0.259930    0.245940    0.732640  1  3  1    1.000000
    0.756600    0.259610    0.735500  1  1  1    1.000000
    0.756600    0.259610    0.735500  1  1  1    1.000000
    0.756600    0.259610    0.735500  1  2  1    1.000000
    0.756600    0.259610    0.735500  1  2  1    1.000000
    0.756600    0.259610    0.735500  1  3  1    1.000000
    0.756600    0.259610    0.735500  1  3  1    1.000000
    0.228200    0.749620    0.764930  1  1  1    1.000000
    0.228200    0.749620    0.764930  1  1  1    1.000000
    0.228200    0.749620    0.764930  1  2  1    1.000000
    0.228200    0.749620    0.764930  1  2  1    1.000000
    0.228200    0.749620    0.764930  1  3  1    1.000000
    0.228200    0.749620    0.764930  1  3  1    1.000000
    0.722400    0.729720    0.752150  1  1  1    1.000000
    0.722400    0.729720    0.752150  1  1  1    1.000000
    0.722400    0.729720    0.752150  1  2  1    1.000000
    0.722400    0.729720    0.752150  1  2  1    1.000000
    0.722400    0.729720    0.752150  1  3  1    1.000000
    0.722400    0.729720    0.752150  1  3  1    1.000000
    0.286800    0.242650   -0.006790  1  1  1    1.000000
    0.286800    0.242650   -0.006790  1  1  1    1.000000
    0.286800    0.242650   -0.006790  1  2  1    1.000000
    0.286800    0.242650   -0.006790  1  2  1    1.000000
    0.286800    0.242650   -0.006790  1  3  1    1.000000
    0.286800    0.242650   -0.006790  1  3  1    1.000000
    0.719530    0.229100   -0.003890  1  1  1    1.000000
    0.719530    0.229100   -0.003890  1  1  1    1.000000
    0.719530    0.229100   -0.003890  1  2  1    1.000000
    0.719530    0.229100   -0.003890  1  2  1    1.000000
    0.719530    0.229100   -0.003890  1  3  1    1.000000
    0.719530    0.229100   -0.003890  1  3  1    1.000000
    0.207390    0.806230    0.014240  1  1  1    1.000000
    0.207390    0.806230    0.014240  1  1  1    1.000000
    0.207390    0.806230    0.014240  1  2  1    1.000000
    0.207390    0.806230    0.014240  1  2  1    1.000000
    0.207390    0.806230    0.014240  1  3  1    1.000000
    0.207390    0.806230    0.014240  1  3  1    1.000000
    0.773920    0.776960   -0.001820  1  1  1    1.000000
    0.773920    0.776960   -0.001820  1  1  1    1.000000
    0.773920    0.776960   -0.001820  1  2  1    1.000000
    0.773920    0.776960   -0.001820  1  2  1    1.000000
    0.773920    0.776960   -0.001820  1  3  1    1.000000
    0.773920    0.776960   -0.001820  1  3  1    1.000000
    0.261890    0.251710    0.498290  1  1  1    1.000000
    0.261890    0.251710    0.498290  1  1  1    1.000000
    0.261890    0.251710    0.498290  1  2  1    1.000000
    0.261890    0.251710    0.498290  1  2  1    1.000000
    0.261890    0.251710    0.498290  1  3  1    1.000000
    0.261890    0.251710    0.498290  1  3  1    1.000000
    0.773170    0.295030    0.488040  1  1  1    1.000000
    0.773170    0.295030    0.488040  1  1  1    1.000000
    0.773170    0.295030    0.488040  1  2  1    1.000000
    0.773170    0.295030    0.488040  1  2  1    1.000000
    0.773170    0.295030    0.488040  1  3  1    1.000000
    0.773170    0.295030    0.488040  1  3  1    1.000000
    0.269120    0.702100    0.515320  1  1  1    1.000000
    0.269120    0.702100    0.515320  1  1  1    1.000000
    0.269120    0.702100    0.515320  1  2  1    1.000000
    0.269120    0.702100    0.515320  1  2  1    1.000000
    0.269120    0.702100    0.515320  1  3  1    1.000000
    0.269120    0.702100    0.515320  1  3  1    1.000000
    0.702340    0.726400    0.508500  1  1  1    1.000000
    0.702340    0.726400    0.508500  1  1  1    1.000000
    0.702340    0.726400    0.508500  1  2  1    1.000000
    0.702340    0.726400    0.508500  1  2  1    1.000000
    0.702340    0.726400    0.508500  1  3  1    1.000000
    0.702340    0.726400    0.508500  1  3  1    1.000000
    0.259180   -0.004610    0.315840  1  1  1    1.000000
    0.259180   -0.004610    0.315840  1  1  1    1.000000
    0.259180   -0.004610    0.315840  1  2  1    1.000000
    0.259180   -0.004610    0.315840  1  2  1    1.000000
    0.259180   -0.004610    0.315840  1  3  1    1.000000
    0.259180   -0.004610    0.315840  1  3  1    1.000000
    0.751990   -0.003260    0.273910  1  1  1    1.000000
    0.751990   -0.003260    0.273910  1  1  1    1.000000
    0.751990   -0.003260    0.273910  1  2  1    1.000000
    0.751990   -0.003260    0.273910  1  2  1    1.000000
    0.751990   -0.003260    0.273910  1  3  1    1.000000
    0.751990   -0.003260    0.273910  1  3  1    1.000000
    0.246810    0.505190    0.255300  1  1  1    1.000000
    0.246810    0.505190    0.255300  1  1  1    1.000000
    0.246810    0.505190    0.255300  1  2  1    1.000000
    0.246810    0.505190    0.255300  1  2  1    1.000000
    0.246810    0.505190    0.255300  1  3  1    1.000000
    0.246810    0.505190    0.255300  1  3  1    1.000000
    0.753900    0.487210    0.191230  1  1  1    1.000000
    0.753900    0.487210    0.191230  1  1  1    1.000000
    0.753900    0.487210    0.191230  1  2  1    1.000000
    0.753900    0.487210    0.191230  1  2  1    1.000000
    0.753900    0.487210    0.191230  1  3  1    1.000000
    0.753900    0.487210    0.191230  1  3  1    1.000000
    0.286270   -0.008270    0.732040  1  1  1    1.000000
    0.286270   -0.008270    0.732040  1  1  1    1.000000
    0.286270   -0.008270    0.732040  1  2  1    1.000000
    0.286270   -0.008270    0.732040  1  2  1    1.000000
    0.286270   -0.008270    0.732040  1  3  1    1.000000
    0.286270   -0.008270    0.732040  1  3  1    1.000000
    0.715640    0.006630    0.766730  1  1  1    1.000000
    0.715640    0.006630    0.766730  1  1  1    1.000000
    0.715640    0.006630    0.766730  1  2  1    1.000000
    0.715640    0.006630    0.766730  1  2  1    1.000000
    0.715640    0.006630    0.766730  1  3  1    1.000000
    0.715640    0.006630    0.766730  1  3  1    1.000000
    0.234160    0.497440    0.768100  1  1  1    1.000000
    0.234160    0.497440    0.768100  1  1  1    1.000000
    0.234160    0.497440    0.768100  1  2  1    1.000000
    0.234160    0.497440    0.768100  1  2  1    1.000000
    0.234160    0.497440    0.768100  1  3  1    1.000000
    0.234160    0.497440    0.768100  1  3  1    1.000000
    0.815020    0.517810    0.773010  1  1  1    1.000000
    0.815020    0.517810    0.773010  1  1  1    1.000000
    0.815020    0.517810    0.773010  1  2  1    1.000000
    0.815020    0.517810    0.773010  1  2  1    1.000000
    0.815020    0.517810    0.773010  1  3  1    1.000000
    0.815020    0.517810    0.773010  1  3  1    1.000000
    0.029640    0.211380    0.228640  1  1  1    1.000000
    0.029640    0.211380    0.228640  1  1  1    1.000000
    0.029640    0.211380    0.228640  1  2  1    1.000000
    0.029640    0.211380    0.228640  1  2  1    1.000000
    0.029640    0.211380    0.228640  1  3  1    1.000000
    0.029640    0.211380    0.228640  1  3  1    1.000000
    0.512910    0.257690    0.286500  1  1  1    1.000000
    0.512910    0.257690    0.286500  1  1  1    1.000000
    0.512910    0.257690    0.286500  1  2  1    1.000000
    0.512910    0.257690    0.286500  1  2  1    1.000000
    0.512910    0.257690    0.286500  1  3  1    1.000000
    0.512910    0.257690    0.286500  1  3  1    1.000000
   -0.000850    0.715620    0.284360  1  1  1    1.000000
   -0.000850    0.715620    0.284360  1  1  1    1.000000
   -0.000850    0.715620    0.284360  1  2  1    1.000000
   -0.000850    0.715620    0.284360  1  2  1    1.000000
   -0.000850    0.715620    0.284360  1  3  1    1.000000
   -0.000850    0.715620    0.284360  1  3  1    1.000000
    0.487910    0.742850    0.214010  1  1  1    1.000000
    0.487910    0.742850    0.214010  1  1  1    1.000000
    0.487910    0.742850    0.214010  1  2  1    1.000000
    0.487910    0.742850    0.214010  1  2  1    1.000000
    0.487910    0.742850    0.214010  1  3  1    1.000000
    0.487910    0.742850    0.214010  1  3  1    1.000000
    0.008530    0.230940    0.742610  1  1  1    1.000000
    0.008530    0.230940    0.742610  1  1  1    1.000000
    0.008530    0.230940    0.742610  1  2  1    1.000000
    0.008530    0.230940    0.742610  1  2  1    1.000000
    0.008530    0.230940    0.742610  1  3  1    1.000000
    0.008530    0.230940    0.742610  1  3  1    1.000000
    0.510040    0.311500    0.732330  1  1  1    1.000000
    0.510040    0.311500    0.732330  1  1  1    1.000000
    0.510040    0.311500    0.732330  1  2  1    1.000000
    0.510040    0.311500    0.732330  1  2  1    1.000000
    0.510040    0.311500    0.732330  1  3  1    1.000000
    0.510040    0.311500    0.732330  1  3  1    1.000000
   -0.011040    0.798070    0.730930  1  1  1    1.000000
   -0.011040    0.798070    0.730930  1  1  1    1.000000
   -0.011040    0.798070    0.730930  1  2  1    1.000000
   -0.011040    0.798070    0.730930  1  2  1    1.000000
   -0.011040    0.798070    0.730930  1  3  1    1.000000
   -0.011040    0.798070    0.730930  1  3  1    1.000000
    0.477080    0.708080    0.793790  1  1  1    1.000000
    0.477080    0.708080    0.793790  1  1  1    1.000000
    0.477080    0.708080    0.793790  1  2  1    1.000000
    0.477080    0.708080    0.793790  1  2  1    1.000000
    0.477080    0.708080    0.793790  1  3  1    1.000000
    0.477080    0.708080    0.793790  1  3  1    1.000000
 
  Reading data about k-point neighbours 
 
  All neighbours are found 
 
  Opening pp-files 
 
 
  --------------------------
  *** Compute  A projections
  --------------------------
 
  AMN: iknum =       64
       1       2       3       4       5       6       7       8       9      10
      11      12      13      14      15      16      17      18      19      20
      21      22      23      24      25      26      27      28      29      30
      31      32      33      34      35      36      37      38      39      40
      41      42      43      44      45      46      47      48      49      50
      51      52      53      54      55      56      57      58      59      60
      61      62      63      64

  AMN calculated
 
  ---------------
  *** Compute  M 
  ---------------
 
  MMN: iknum =       64
       1       2       3       4       5       6       7       8       9      10
      11      12      13      14      15      16      17      18      19      20
      21      22      23      24      25      26      27      28      29      30
      31      32      33      34      35      36      37      38      39      40
      41      42      43      44      45      46      47      48      49      50
      51      52      53      54      55      56      57      58      59      60
      61      62      63      64

  MMN calculated
 
  --------------------------------
  *** Spin matrix is not computed 
  --------------------------------
 
  -----------------------------------
  *** Orbital terms are not computed 
  -----------------------------------
 
  ----------------
  *** Write bands 
  ----------------
 
 
  -----------------------------
  *** Plot info is not printed 
  -----------------------------
 
  -----------------------------
  *** Parity info is not printed 
  -----------------------------
 
  ------------
  *** Stop pp 
  ------------
 
 
     init_pw2wan  :    148.70s CPU    262.40s WALL (       1 calls)
     compute_amn  :    163.21s CPU    203.16s WALL (       1 calls)
     compute_mmn  :   1432.36s CPU   1848.94s WALL (       1 calls)
 
     PW2WANNIER   :  29m 4.32s CPU  38m36.05s WALL

 
   This run was terminated on:  20: 8:34  27Sep2021            

=------------------------------------------------------------------------------=
   JOB DONE.
=------------------------------------------------------------------------------=
 
