
     Program PW2WANNIER v.6.4.1 starts on 10Sep2020 at 12:57:31 

     This program is part of the open-source Quantum ESPRESSO suite
     for quantum simulation of materials; please cite
         "P. Giannozzi et al., J. Phys.:Condens. Matter 21 395502 (2009);
         "P. Giannozzi et al., J. Phys.:Condens. Matter 29 465901 (2017);
          URL http://www.quantum-espresso.org", 
     in publications or presentations arising from this work. More details at
     http://www.quantum-espresso.org/quote

     Parallel version (MPI & OpenMP), running on       4 processor cores
     Number of MPI processes:                 4
     Threads/MPI process:                     1

     MPI processes distributed on     1 nodes
     R & G space division:  proc/nbgrp/npool/nimage =       4
 
  Reading nscf_save data

     Reading data from directory:
     /global/cscratch1/sd/d_abram/T320dft/T320_ts3000_out/pwscf.save/

     IMPORTANT: XC functional enforced from input :
     Exchange-correlation      = PBE ( 1  4  3  4 0 0)
     Any further DFT definition will be discarded
     Please, verify this is what you really want

 
     Parallelization info
     --------------------
     sticks:   dense  smooth     PW     G-vecs:    dense   smooth      PW
     Min        2252    2252    617               160520   160520   23122
     Max        2253    2253    618               160522   160522   23123
     Sum        9009    9009   2471               642083   642083   92489
 
 
  Spin CASE ( non-collinear )
 
  Wannier mode is: standalone     
 
  -----------------
  *** Reading nnkp 
  -----------------
 
  Checking info from wannier.nnkp file
 
  - Real lattice is ok
  - Reciprocal lattice is ok
  - K-points are ok
  - Number of wannier functions is ok (304)
  - All guiding functions are given 
 
 Projections:
    0.028730    0.020727    0.994310  1  1  1    1.000000
    0.028730    0.020727    0.994310  1  1  1    1.000000
    0.028730    0.020727    0.994310  1  2  1    1.000000
    0.028730    0.020727    0.994310  1  2  1    1.000000
    0.028730    0.020727    0.994310  1  3  1    1.000000
    0.028730    0.020727    0.994310  1  3  1    1.000000
    0.995280    0.009790    0.490710  1  1  1    1.000000
    0.995280    0.009790    0.490710  1  1  1    1.000000
    0.995280    0.009790    0.490710  1  2  1    1.000000
    0.995280    0.009790    0.490710  1  2  1    1.000000
    0.995280    0.009790    0.490710  1  3  1    1.000000
    0.995280    0.009790    0.490710  1  3  1    1.000000
    0.015270    0.503007    0.011160  1  1  1    1.000000
    0.015270    0.503007    0.011160  1  1  1    1.000000
    0.015270    0.503007    0.011160  1  2  1    1.000000
    0.015270    0.503007    0.011160  1  2  1    1.000000
    0.015270    0.503007    0.011160  1  3  1    1.000000
    0.015270    0.503007    0.011160  1  3  1    1.000000
    0.992600    0.499767    0.512820  1  1  1    1.000000
    0.992600    0.499767    0.512820  1  1  1    1.000000
    0.992600    0.499767    0.512820  1  2  1    1.000000
    0.992600    0.499767    0.512820  1  2  1    1.000000
    0.992600    0.499767    0.512820  1  3  1    1.000000
    0.992600    0.499767    0.512820  1  3  1    1.000000
    0.500510    0.002264    0.992550  1  1  1    1.000000
    0.500510    0.002264    0.992550  1  1  1    1.000000
    0.500510    0.002264    0.992550  1  2  1    1.000000
    0.500510    0.002264    0.992550  1  2  1    1.000000
    0.500510    0.002264    0.992550  1  3  1    1.000000
    0.500510    0.002264    0.992550  1  3  1    1.000000
    0.495400    0.005574    0.503840  1  1  1    1.000000
    0.495400    0.005574    0.503840  1  1  1    1.000000
    0.495400    0.005574    0.503840  1  2  1    1.000000
    0.495400    0.005574    0.503840  1  2  1    1.000000
    0.495400    0.005574    0.503840  1  3  1    1.000000
    0.495400    0.005574    0.503840  1  3  1    1.000000
    0.505720    0.499063    0.003320  1  1  1    1.000000
    0.505720    0.499063    0.003320  1  1  1    1.000000
    0.505720    0.499063    0.003320  1  2  1    1.000000
    0.505720    0.499063    0.003320  1  2  1    1.000000
    0.505720    0.499063    0.003320  1  3  1    1.000000
    0.505720    0.499063    0.003320  1  3  1    1.000000
    0.499870    0.484121    0.504080  1  1  1    1.000000
    0.499870    0.484121    0.504080  1  1  1    1.000000
    0.499870    0.484121    0.504080  1  2  1    1.000000
    0.499870    0.484121    0.504080  1  2  1    1.000000
    0.499870    0.484121    0.504080  1  3  1    1.000000
    0.499870    0.484121    0.504080  1  3  1    1.000000
    0.265290    0.969500    0.981550  1  1  1    1.000000
    0.265290    0.969500    0.981550  1  1  1    1.000000
    0.265290    0.969500    0.981550  1  2  1    1.000000
    0.265290    0.969500    0.981550  1  2  1    1.000000
    0.265290    0.969500    0.981550  1  3  1    1.000000
    0.265290    0.969500    0.981550  1  3  1    1.000000
    0.034880    0.251569    0.993440  1  1  1    1.000000
    0.034880    0.251569    0.993440  1  1  1    1.000000
    0.034880    0.251569    0.993440  1  2  1    1.000000
    0.034880    0.251569    0.993440  1  2  1    1.000000
    0.034880    0.251569    0.993440  1  3  1    1.000000
    0.034880    0.251569    0.993440  1  3  1    1.000000
    0.015400    0.004658    0.234330  1  1  1    1.000000
    0.015400    0.004658    0.234330  1  1  1    1.000000
    0.015400    0.004658    0.234330  1  2  1    1.000000
    0.015400    0.004658    0.234330  1  2  1    1.000000
    0.015400    0.004658    0.234330  1  3  1    1.000000
    0.015400    0.004658    0.234330  1  3  1    1.000000
    0.251250    0.003300    0.501920  1  1  1    1.000000
    0.251250    0.003300    0.501920  1  1  1    1.000000
    0.251250    0.003300    0.501920  1  2  1    1.000000
    0.251250    0.003300    0.501920  1  2  1    1.000000
    0.251250    0.003300    0.501920  1  3  1    1.000000
    0.251250    0.003300    0.501920  1  3  1    1.000000
    0.991410    0.253994    0.477970  1  1  1    1.000000
    0.991410    0.253994    0.477970  1  1  1    1.000000
    0.991410    0.253994    0.477970  1  2  1    1.000000
    0.991410    0.253994    0.477970  1  2  1    1.000000
    0.991410    0.253994    0.477970  1  3  1    1.000000
    0.991410    0.253994    0.477970  1  3  1    1.000000
    0.004880    1.004243    0.743680  1  1  1    1.000000
    0.004880    1.004243    0.743680  1  1  1    1.000000
    0.004880    1.004243    0.743680  1  2  1    1.000000
    0.004880    1.004243    0.743680  1  2  1    1.000000
    0.004880    1.004243    0.743680  1  3  1    1.000000
    0.004880    1.004243    0.743680  1  3  1    1.000000
    0.249940    0.532558    0.006400  1  1  1    1.000000
    0.249940    0.532558    0.006400  1  1  1    1.000000
    0.249940    0.532558    0.006400  1  2  1    1.000000
    0.249940    0.532558    0.006400  1  2  1    1.000000
    0.249940    0.532558    0.006400  1  3  1    1.000000
    0.249940    0.532558    0.006400  1  3  1    1.000000
    0.978300    0.751869    0.988010  1  1  1    1.000000
    0.978300    0.751869    0.988010  1  1  1    1.000000
    0.978300    0.751869    0.988010  1  2  1    1.000000
    0.978300    0.751869    0.988010  1  2  1    1.000000
    0.978300    0.751869    0.988010  1  3  1    1.000000
    0.978300    0.751869    0.988010  1  3  1    1.000000
    0.007560    0.522989    0.262170  1  1  1    1.000000
    0.007560    0.522989    0.262170  1  1  1    1.000000
    0.007560    0.522989    0.262170  1  2  1    1.000000
    0.007560    0.522989    0.262170  1  2  1    1.000000
    0.007560    0.522989    0.262170  1  3  1    1.000000
    0.007560    0.522989    0.262170  1  3  1    1.000000
    0.243430    0.475116    0.540770  1  1  1    1.000000
    0.243430    0.475116    0.540770  1  1  1    1.000000
    0.243430    0.475116    0.540770  1  2  1    1.000000
    0.243430    0.475116    0.540770  1  2  1    1.000000
    0.243430    0.475116    0.540770  1  3  1    1.000000
    0.243430    0.475116    0.540770  1  3  1    1.000000
    0.988820    0.766297    0.486930  1  1  1    1.000000
    0.988820    0.766297    0.486930  1  1  1    1.000000
    0.988820    0.766297    0.486930  1  2  1    1.000000
    0.988820    0.766297    0.486930  1  2  1    1.000000
    0.988820    0.766297    0.486930  1  3  1    1.000000
    0.988820    0.766297    0.486930  1  3  1    1.000000
    0.983270    0.493569    0.754710  1  1  1    1.000000
    0.983270    0.493569    0.754710  1  1  1    1.000000
    0.983270    0.493569    0.754710  1  2  1    1.000000
    0.983270    0.493569    0.754710  1  2  1    1.000000
    0.983270    0.493569    0.754710  1  3  1    1.000000
    0.983270    0.493569    0.754710  1  3  1    1.000000
    0.745560    0.047591    0.979940  1  1  1    1.000000
    0.745560    0.047591    0.979940  1  1  1    1.000000
    0.745560    0.047591    0.979940  1  2  1    1.000000
    0.745560    0.047591    0.979940  1  2  1    1.000000
    0.745560    0.047591    0.979940  1  3  1    1.000000
    0.745560    0.047591    0.979940  1  3  1    1.000000
    0.468150    0.246759    0.056610  1  1  1    1.000000
    0.468150    0.246759    0.056610  1  1  1    1.000000
    0.468150    0.246759    0.056610  1  2  1    1.000000
    0.468150    0.246759    0.056610  1  2  1    1.000000
    0.468150    0.246759    0.056610  1  3  1    1.000000
    0.468150    0.246759    0.056610  1  3  1    1.000000
    0.506700    0.952386    0.229340  1  1  1    1.000000
    0.506700    0.952386    0.229340  1  1  1    1.000000
    0.506700    0.952386    0.229340  1  2  1    1.000000
    0.506700    0.952386    0.229340  1  2  1    1.000000
    0.506700    0.952386    0.229340  1  3  1    1.000000
    0.506700    0.952386    0.229340  1  3  1    1.000000
    0.748790    0.020727    0.489790  1  1  1    1.000000
    0.748790    0.020727    0.489790  1  1  1    1.000000
    0.748790    0.020727    0.489790  1  2  1    1.000000
    0.748790    0.020727    0.489790  1  2  1    1.000000
    0.748790    0.020727    0.489790  1  3  1    1.000000
    0.748790    0.020727    0.489790  1  3  1    1.000000
    0.499220    0.241387    0.461030  1  1  1    1.000000
    0.499220    0.241387    0.461030  1  1  1    1.000000
    0.499220    0.241387    0.461030  1  2  1    1.000000
    0.499220    0.241387    0.461030  1  2  1    1.000000
    0.499220    0.241387    0.461030  1  3  1    1.000000
    0.499220    0.241387    0.461030  1  3  1    1.000000
    0.503700    0.057431    0.747850  1  1  1    1.000000
    0.503700    0.057431    0.747850  1  1  1    1.000000
    0.503700    0.057431    0.747850  1  2  1    1.000000
    0.503700    0.057431    0.747850  1  2  1    1.000000
    0.503700    0.057431    0.747850  1  3  1    1.000000
    0.503700    0.057431    0.747850  1  3  1    1.000000
    0.730730    0.471997    0.036690  1  1  1    1.000000
    0.730730    0.471997    0.036690  1  1  1    1.000000
    0.730730    0.471997    0.036690  1  2  1    1.000000
    0.730730    0.471997    0.036690  1  2  1    1.000000
    0.730730    0.471997    0.036690  1  3  1    1.000000
    0.730730    0.471997    0.036690  1  3  1    1.000000
    0.524390    0.756266    0.948060  1  1  1    1.000000
    0.524390    0.756266    0.948060  1  1  1    1.000000
    0.524390    0.756266    0.948060  1  2  1    1.000000
    0.524390    0.756266    0.948060  1  2  1    1.000000
    0.524390    0.756266    0.948060  1  3  1    1.000000
    0.524390    0.756266    0.948060  1  3  1    1.000000
    0.478030    0.539701    0.272400  1  1  1    1.000000
    0.478030    0.539701    0.272400  1  1  1    1.000000
    0.478030    0.539701    0.272400  1  2  1    1.000000
    0.478030    0.539701    0.272400  1  2  1    1.000000
    0.478030    0.539701    0.272400  1  3  1    1.000000
    0.478030    0.539701    0.272400  1  3  1    1.000000
    0.746360    0.488196    0.494430  1  1  1    1.000000
    0.746360    0.488196    0.494430  1  1  1    1.000000
    0.746360    0.488196    0.494430  1  2  1    1.000000
    0.746360    0.488196    0.494430  1  2  1    1.000000
    0.746360    0.488196    0.494430  1  3  1    1.000000
    0.746360    0.488196    0.494430  1  3  1    1.000000
    0.473650    0.746878    0.533690  1  1  1    1.000000
    0.473650    0.746878    0.533690  1  1  1    1.000000
    0.473650    0.746878    0.533690  1  2  1    1.000000
    0.473650    0.746878    0.533690  1  2  1    1.000000
    0.473650    0.746878    0.533690  1  3  1    1.000000
    0.473650    0.746878    0.533690  1  3  1    1.000000
    0.507270    0.449892    0.750330  1  1  1    1.000000
    0.507270    0.449892    0.750330  1  1  1    1.000000
    0.507270    0.449892    0.750330  1  2  1    1.000000
    0.507270    0.449892    0.750330  1  2  1    1.000000
    0.507270    0.449892    0.750330  1  3  1    1.000000
    0.507270    0.449892    0.750330  1  3  1    1.000000
    0.028730    0.020727    0.994310  0  1  1    1.000000
    0.028730    0.020727    0.994310  0  1  1    1.000000
    0.995280    0.009790    0.490710  0  1  1    1.000000
    0.995280    0.009790    0.490710  0  1  1    1.000000
    0.015270    0.503007    0.011160  0  1  1    1.000000
    0.015270    0.503007    0.011160  0  1  1    1.000000
    0.992600    0.499767    0.512820  0  1  1    1.000000
    0.992600    0.499767    0.512820  0  1  1    1.000000
    0.500510    0.002264    0.992550  0  1  1    1.000000
    0.500510    0.002264    0.992550  0  1  1    1.000000
    0.495400    0.005574    0.503840  0  1  1    1.000000
    0.495400    0.005574    0.503840  0  1  1    1.000000
    0.505720    0.499063    0.003320  0  1  1    1.000000
    0.505720    0.499063    0.003320  0  1  1    1.000000
    0.499870    0.484121    0.504080  0  1  1    1.000000
    0.499870    0.484121    0.504080  0  1  1    1.000000
    0.208820    0.295357    0.266770  1  1  1    1.000000
    0.208820    0.295357    0.266770  1  1  1    1.000000
    0.208820    0.295357    0.266770  1  2  1    1.000000
    0.208820    0.295357    0.266770  1  2  1    1.000000
    0.208820    0.295357    0.266770  1  3  1    1.000000
    0.208820    0.295357    0.266770  1  3  1    1.000000
    0.254720    0.249496    0.800440  1  1  1    1.000000
    0.254720    0.249496    0.800440  1  1  1    1.000000
    0.254720    0.249496    0.800440  1  2  1    1.000000
    0.254720    0.249496    0.800440  1  2  1    1.000000
    0.254720    0.249496    0.800440  1  3  1    1.000000
    0.254720    0.249496    0.800440  1  3  1    1.000000
    0.187760    0.747794    0.248880  1  1  1    1.000000
    0.187760    0.747794    0.248880  1  1  1    1.000000
    0.187760    0.747794    0.248880  1  2  1    1.000000
    0.187760    0.747794    0.248880  1  2  1    1.000000
    0.187760    0.747794    0.248880  1  3  1    1.000000
    0.187760    0.747794    0.248880  1  3  1    1.000000
    0.190120    0.734271    0.707710  1  1  1    1.000000
    0.190120    0.734271    0.707710  1  1  1    1.000000
    0.190120    0.734271    0.707710  1  2  1    1.000000
    0.190120    0.734271    0.707710  1  2  1    1.000000
    0.190120    0.734271    0.707710  1  3  1    1.000000
    0.190120    0.734271    0.707710  1  3  1    1.000000
    0.785970    0.258652    0.247050  1  1  1    1.000000
    0.785970    0.258652    0.247050  1  1  1    1.000000
    0.785970    0.258652    0.247050  1  2  1    1.000000
    0.785970    0.258652    0.247050  1  2  1    1.000000
    0.785970    0.258652    0.247050  1  3  1    1.000000
    0.785970    0.258652    0.247050  1  3  1    1.000000
    0.797590    0.268814    0.810580  1  1  1    1.000000
    0.797590    0.268814    0.810580  1  1  1    1.000000
    0.797590    0.268814    0.810580  1  2  1    1.000000
    0.797590    0.268814    0.810580  1  2  1    1.000000
    0.797590    0.268814    0.810580  1  3  1    1.000000
    0.797590    0.268814    0.810580  1  3  1    1.000000
    0.809260    0.798927    0.234970  1  1  1    1.000000
    0.809260    0.798927    0.234970  1  1  1    1.000000
    0.809260    0.798927    0.234970  1  2  1    1.000000
    0.809260    0.798927    0.234970  1  2  1    1.000000
    0.809260    0.798927    0.234970  1  3  1    1.000000
    0.809260    0.798927    0.234970  1  3  1    1.000000
    0.767540    0.769869    0.698890  1  1  1    1.000000
    0.767540    0.769869    0.698890  1  1  1    1.000000
    0.767540    0.769869    0.698890  1  2  1    1.000000
    0.767540    0.769869    0.698890  1  2  1    1.000000
    0.767540    0.769869    0.698890  1  3  1    1.000000
    0.767540    0.769869    0.698890  1  3  1    1.000000
    0.290050    0.216323    0.282220  1  1  1    1.000000
    0.290050    0.216323    0.282220  1  1  1    1.000000
    0.290050    0.216323    0.282220  1  2  1    1.000000
    0.290050    0.216323    0.282220  1  2  1    1.000000
    0.290050    0.216323    0.282220  1  3  1    1.000000
    0.290050    0.216323    0.282220  1  3  1    1.000000
    0.195180    0.246910    0.699470  1  1  1    1.000000
    0.195180    0.246910    0.699470  1  1  1    1.000000
    0.195180    0.246910    0.699470  1  2  1    1.000000
    0.195180    0.246910    0.699470  1  2  1    1.000000
    0.195180    0.246910    0.699470  1  3  1    1.000000
    0.195180    0.246910    0.699470  1  3  1    1.000000
    0.294590    0.753579    0.202230  1  1  1    1.000000
    0.294590    0.753579    0.202230  1  1  1    1.000000
    0.294590    0.753579    0.202230  1  2  1    1.000000
    0.294590    0.753579    0.202230  1  2  1    1.000000
    0.294590    0.753579    0.202230  1  3  1    1.000000
    0.294590    0.753579    0.202230  1  3  1    1.000000
    0.294810    0.746023    0.764980  1  1  1    1.000000
    0.294810    0.746023    0.764980  1  1  1    1.000000
    0.294810    0.746023    0.764980  1  2  1    1.000000
    0.294810    0.746023    0.764980  1  2  1    1.000000
    0.294810    0.746023    0.764980  1  3  1    1.000000
    0.294810    0.746023    0.764980  1  3  1    1.000000
    0.685630    0.208536    0.253490  1  1  1    1.000000
    0.685630    0.208536    0.253490  1  1  1    1.000000
    0.685630    0.208536    0.253490  1  2  1    1.000000
    0.685630    0.208536    0.253490  1  2  1    1.000000
    0.685630    0.208536    0.253490  1  3  1    1.000000
    0.685630    0.208536    0.253490  1  3  1    1.000000
    0.696650    0.248007    0.750830  1  1  1    1.000000
    0.696650    0.248007    0.750830  1  1  1    1.000000
    0.696650    0.248007    0.750830  1  2  1    1.000000
    0.696650    0.248007    0.750830  1  2  1    1.000000
    0.696650    0.248007    0.750830  1  3  1    1.000000
    0.696650    0.248007    0.750830  1  3  1    1.000000
    0.758600    0.693432    0.266580  1  1  1    1.000000
    0.758600    0.693432    0.266580  1  1  1    1.000000
    0.758600    0.693432    0.266580  1  2  1    1.000000
    0.758600    0.693432    0.266580  1  2  1    1.000000
    0.758600    0.693432    0.266580  1  3  1    1.000000
    0.758600    0.693432    0.266580  1  3  1    1.000000
    0.773230    0.814321    0.809500  1  1  1    1.000000
    0.773230    0.814321    0.809500  1  1  1    1.000000
    0.773230    0.814321    0.809500  1  2  1    1.000000
    0.773230    0.814321    0.809500  1  2  1    1.000000
    0.773230    0.814321    0.809500  1  3  1    1.000000
    0.773230    0.814321    0.809500  1  3  1    1.000000
 
  Reading data about k-point neighbours 
 
  All neighbours are found 
 
  Opening pp-files 
 
 
  --------------------------
  *** Compute  A projections
  --------------------------
 
  AMN: iknum =       64
       1       2       3       4       5       6       7       8       9      10
      11      12      13      14      15      16      17      18      19      20
      21      22      23      24      25      26      27      28      29      30
      31      32      33      34      35      36      37      38      39      40
      41      42      43      44      45      46      47      48      49      50
      51      52      53      54      55      56      57      58      59      60
      61      62      63      64

  AMN calculated
 
  ---------------
  *** Compute  M 
  ---------------
 
  MMN: iknum =       64
       1       2       3       4       5       6       7       8       9      10
      11      12      13      14      15      16      17      18      19      20
      21      22      23      24      25      26      27      28      29      30
      31      32      33      34      35      36      37      38      39      40
      41      42      43      44      45      46      47      48      49      50
      51      52      53      54      55      56      57      58      59      60
      61      62      63      64

  MMN calculated
 
  --------------------------------
  *** Spin matrix is not computed 
  --------------------------------
 
  -----------------------------------
  *** Orbital terms are not computed 
  -----------------------------------
 
  ----------------
  *** Write bands 
  ----------------
 
 
  -----------------------------
  *** Plot info is not printed 
  -----------------------------
 
  -----------------------------
  *** Parity info is not printed 
  -----------------------------
 
  ------------
  *** Stop pp 
  ------------
 
 
     init_pw2wan  :     80.88s CPU    363.60s WALL (       1 calls)
     compute_amn  :   7978.13s CPU   8129.36s WALL (       1 calls)
     compute_mmn  :  42546.60s CPU  43526.06s WALL (       1 calls)
 
     PW2WANNIER   :     14h 3m CPU     14h26m WALL

 
   This run was terminated on:   3:24:31  11Sep2020            

=------------------------------------------------------------------------------=
   JOB DONE.
=------------------------------------------------------------------------------=
 
